// Jest Snapshot v1, https://goo.gl/fbAQLP

exports[`GifGridItem tests should be show the component correctly 1`] = `
<div
  className="card animate__animated animate__fadeIn "
>
  <img
    alt="Dragon Ball GIF by TOEI Animation UK"
    src="https://media1.giphy.com/media/GRSnxyhJnPsaQy9YLn/giphy.gif?cid=0a7c9746d10r4nkrodijl02nh1q6lbcx2gk4e6vl1h6dfyti&rid=giphy.gif"
  />
  <p>
    Dragon Ball GIF by TOEI Animation UK
  </p>
</div>
`;
